[0.057s] Invoking command in '/home/algam/industrial_arm_ws/build/my_robot_moveit_config': DEBUGINFOD_URLS=https://debuginfod.ubuntu.com /usr/bin/cmake --build /home/algam/industrial_arm_ws/build/my_robot_moveit_config -- -j4 -l4
[0.270s] -- Found ament_cmake: 2.5.4 (/opt/ros/jazzy/share/ament_cmake/cmake)
[1.023s] Error parsing '/home/algam/industrial_arm_ws/src/my_robot_moveit_config/package.xml':
[4.116s] Traceback (most recent call last):
[4.116s]   File "/usr/lib/python3/dist-packages/catkin_pkg/package.py", line 610, in parse_package_string
[4.116s]     root = dom.parseString(data)
[4.116s]            ^^^^^^^^^^^^^^^^^^^^^
[4.116s]   File "/usr/lib/python3.12/xml/dom/minidom.py", line 2000, in parseString
[4.116s]     return expatbuilder.parseString(string)
[4.117s]            ^^^^^^^^^^^^^^^^^^^^^^^^^^^^^^^^
[4.117s]   File "/usr/lib/python3.12/xml/dom/expatbuilder.py", line 922, in parseString
[4.117s]     return builder.parseString(string)
[4.117s]            ^^^^^^^^^^^^^^^^^^^^^^^^^^^
[4.117s]   File "/usr/lib/python3.12/xml/dom/expatbuilder.py", line 220, in parseString
[4.117s]     parser.Parse(string, True)
[4.118s] xml.parsers.expat.ExpatError: syntax error: line 1, column 0
[4.118s] 
[4.118s] During handling of the above exception, another exception occurred:
[4.118s] 
[4.118s] Traceback (most recent call last):
[4.119s]   File "/opt/ros/jazzy/share/ament_cmake_core/cmake/core/package_xml_2_cmake.py", line 150, in <module>
[4.119s]     main()
[4.119s]   File "/opt/ros/jazzy/share/ament_cmake_core/cmake/core/package_xml_2_cmake.py", line 53, in main
[4.119s]     raise e
[4.119s]   File "/opt/ros/jazzy/share/ament_cmake_core/cmake/core/package_xml_2_cmake.py", line 49, in main
[4.120s]     package = parse_package_string(
[4.120s]               ^^^^^^^^^^^^^^^^^^^^^
[4.120s]   File "/usr/lib/python3/dist-packages/catkin_pkg/package.py", line 612, in parse_package_string
[4.120s]     raise InvalidPackage('The manifest contains invalid XML:\n%s' % ex, filename)
[4.120s] catkin_pkg.package.InvalidPackage: Error(s) in package '/home/algam/industrial_arm_ws/src/my_robot_moveit_config/package.xml':
[4.120s] The manifest contains invalid XML:
[4.120s] syntax error: line 1, column 0
[4.284s] [31mCMake Error at /opt/ros/jazzy/share/ament_cmake_core/cmake/core/ament_package_xml.cmake:95 (message):
[4.284s]   execute_process(/usr/bin/python3
[4.284s]   /opt/ros/jazzy/share/ament_cmake_core/cmake/core/package_xml_2_cmake.py
[4.284s]   /home/algam/industrial_arm_ws/src/my_robot_moveit_config/package.xml
[4.284s]   /home/algam/industrial_arm_ws/build/my_robot_moveit_config/ament_cmake_core/package.cmake)
[4.284s]   returned error code 1
[4.284s] Call Stack (most recent call first):
[4.285s]   /opt/ros/jazzy/share/ament_cmake_core/cmake/core/ament_package_xml.cmake:49 (_ament_package_xml)
[4.285s]   /opt/ros/jazzy/share/ament_cmake_core/cmake/core/ament_package.cmake:63 (ament_package_xml)
[4.285s]   CMakeLists.txt:6 (ament_package)
[4.285s] 
[4.285s] [0m
[4.285s] -- Configuring incomplete, errors occurred!
[4.294s] gmake: *** [Makefile:226: cmake_check_build_system] Error 1
[4.301s] Invoked command in '/home/algam/industrial_arm_ws/build/my_robot_moveit_config' returned '2': DEBUGINFOD_URLS=https://debuginfod.ubuntu.com /usr/bin/cmake --build /home/algam/industrial_arm_ws/build/my_robot_moveit_config -- -j4 -l4
